00:29:23 **** Incremental Build of configuration Debug for project uart_master_g4 ****
make -j12 all 
arm-none-eabi-gcc "../Core/Src/uart_handler.c" -mcpu=cortex-m4 -std=gnu11 -g3 -DDEBUG -DUSE_HAL_DRIVER -DSTM32G431xx -c -I../Core/Inc -I../Drivers/STM32G4xx_HAL_Driver/Inc -I../Drivers/STM32G4xx_HAL_Driver/Inc/Legacy -I../Drivers/CMSIS/Device/ST/STM32G4xx/Include -I../Drivers/CMSIS/Include -O0 -ffunction-sections -fdata-sections -Wall -fstack-usage -fcyclomatic-complexity -MMD -MP -MF"Core/Src/uart_handler.d" -MT"Core/Src/uart_handler.o" --specs=nano.specs -mfpu=fpv4-sp-d16 -mfloat-abi=hard -mthumb -o "Core/Src/uart_handler.o"
arm-none-eabi-gcc -o "uart_master_g4.elf" @"objects.list"   -mcpu=cortex-m4 -T"F:\Eembedded projects\UART stm32\Master\uart_master_g4\STM32G431KBTX_FLASH.ld" --specs=nosys.specs -Wl,-Map="uart_master_g4.map" -Wl,--gc-sections -static --specs=nano.specs -mfpu=fpv4-sp-d16 -mfloat-abi=hard -mthumb -Wl,--start-group -lc -lm -Wl,--end-group
Finished building target: uart_master_g4.elf
 
arm-none-eabi-size  uart_master_g4.elf 
arm-none-eabi-objdump -h -S uart_master_g4.elf  > "uart_master_g4.list"
   text	   data	    bss	    dec	    hex	filename
  23368	    112	   2320	  25800	   64c8	uart_master_g4.elf
Finished building: default.size.stdout
 
Finished building: uart_master_g4.list
 

00:29:24 Build Finished. 0 errors, 0 warnings. (took 1s.66ms)

